// Jest Snapshot v1, https://goo.gl/fbAQLP

exports[`BIconButton matches the snapshot 1`] = `
<div>
  <button
    class="MuiButtonBase-root MuiIconButton-root MuiIconButton-sizeMedium css-1s9kc11-MuiButtonBase-root-MuiIconButton-root"
    tabindex="0"
    type="button"
  >
    Button Label
    <span
      class="MuiTouchRipple-root css-8je8zh-MuiTouchRipple-root"
    />
  </button>
</div>
`;

exports[`BIconButton matches the snapshot when loading 1`] = `
<div>
  <button
    class="MuiButtonBase-root Mui-disabled MuiIconButton-root Mui-disabled MuiIconButton-sizeMedium css-1xw6id3-MuiButtonBase-root-MuiIconButton-root"
    disabled=""
    tabindex="-1"
    type="button"
  >
    <span
      class="MuiCircularProgress-root MuiCircularProgress-indeterminate MuiCircularProgress-colorPrimary css-18lrjg1-MuiCircularProgress-root"
      role="progressbar"
      style="width: 22px; height: 22px;"
    >
      <svg
        class="MuiCircularProgress-svg css-1idz92c-MuiCircularProgress-svg"
        viewBox="22 22 44 44"
      >
        <circle
          class="MuiCircularProgress-circle MuiCircularProgress-circleIndeterminate css-176wh8e-MuiCircularProgress-circle"
          cx="44"
          cy="44"
          fill="none"
          r="20.2"
          stroke-width="3.6"
        />
      </svg>
    </span>
  </button>
</div>
`;
